Archive member included to satisfy reference by file (symbol)

C:/ST/STM32CubeIDE_1.16.0/STM32CubeIDE/plugins/com.st.stm32cube.ide.mcu.externaltools.gnu-tools-for-stm32.12.3.rel1.win32_1.0.200.202406191623/tools/bin/../lib/gcc/arm-none-eabi/12.3.1/../../../../arm-none-eabi/lib/thumb/v7e-m/nofp\libc_nano.a(libc_a-exit.o)
                              C:/ST/STM32CubeIDE_1.16.0/STM32CubeIDE/plugins/com.st.stm32cube.ide.mcu.externaltools.gnu-tools-for-stm32.12.3.rel1.win32_1.0.200.202406191623/tools/bin/../lib/gcc/arm-none-eabi/12.3.1/../../../../arm-none-eabi/lib/thumb/v7e-m/nofp/crt0.o (exit)
C:/ST/STM32CubeIDE_1.16.0/STM32CubeIDE/plugins/com.st.stm32cube.ide.mcu.externaltools.gnu-tools-for-stm32.12.3.rel1.win32_1.0.200.202406191623/tools/bin/../lib/gcc/arm-none-eabi/12.3.1/../../../../arm-none-eabi/lib/thumb/v7e-m/nofp\libc_nano.a(libc_a-findfp.o)
                              C:/ST/STM32CubeIDE_1.16.0/STM32CubeIDE/plugins/com.st.stm32cube.ide.mcu.externaltools.gnu-tools-for-stm32.12.3.rel1.win32_1.0.200.202406191623/tools/bin/../lib/gcc/arm-none-eabi/12.3.1/../../../../arm-none-eabi/lib/thumb/v7e-m/nofp\libc_nano.a(libc_a-exit.o) (__stdio_exit_handler)
C:/ST/STM32CubeIDE_1.16.0/STM32CubeIDE/plugins/com.st.stm32cube.ide.mcu.externaltools.gnu-tools-for-stm32.12.3.rel1.win32_1.0.200.202406191623/tools/bin/../lib/gcc/arm-none-eabi/12.3.1/../../../../arm-none-eabi/lib/thumb/v7e-m/nofp\libc_nano.a(libc_a-fwalk.o)
                              C:/ST/STM32CubeIDE_1.16.0/STM32CubeIDE/plugins/com.st.stm32cube.ide.mcu.externaltools.gnu-tools-for-stm32.12.3.rel1.win32_1.0.200.202406191623/tools/bin/../lib/gcc/arm-none-eabi/12.3.1/../../../../arm-none-eabi/lib/thumb/v7e-m/nofp\libc_nano.a(libc_a-findfp.o) (_fwalk_sglue)
C:/ST/STM32CubeIDE_1.16.0/STM32CubeIDE/plugins/com.st.stm32cube.ide.mcu.externaltools.gnu-tools-for-stm32.12.3.rel1.win32_1.0.200.202406191623/tools/bin/../lib/gcc/arm-none-eabi/12.3.1/../../../../arm-none-eabi/lib/thumb/v7e-m/nofp\libc_nano.a(libc_a-stdio.o)
                              C:/ST/STM32CubeIDE_1.16.0/STM32CubeIDE/plugins/com.st.stm32cube.ide.mcu.externaltools.gnu-tools-for-stm32.12.3.rel1.win32_1.0.200.202406191623/tools/bin/../lib/gcc/arm-none-eabi/12.3.1/../../../../arm-none-eabi/lib/thumb/v7e-m/nofp\libc_nano.a(libc_a-findfp.o) (__sread)
C:/ST/STM32CubeIDE_1.16.0/STM32CubeIDE/plugins/com.st.stm32cube.ide.mcu.externaltools.gnu-tools-for-stm32.12.3.rel1.win32_1.0.200.202406191623/tools/bin/../lib/gcc/arm-none-eabi/12.3.1/../../../../arm-none-eabi/lib/thumb/v7e-m/nofp\libc_nano.a(libc_a-memset.o)
                              C:/ST/STM32CubeIDE_1.16.0/STM32CubeIDE/plugins/com.st.stm32cube.ide.mcu.externaltools.gnu-tools-for-stm32.12.3.rel1.win32_1.0.200.202406191623/tools/bin/../lib/gcc/arm-none-eabi/12.3.1/../../../../arm-none-eabi/lib/thumb/v7e-m/nofp/crt0.o (memset)
C:/ST/STM32CubeIDE_1.16.0/STM32CubeIDE/plugins/com.st.stm32cube.ide.mcu.externaltools.gnu-tools-for-stm32.12.3.rel1.win32_1.0.200.202406191623/tools/bin/../lib/gcc/arm-none-eabi/12.3.1/../../../../arm-none-eabi/lib/thumb/v7e-m/nofp\libc_nano.a(libc_a-closer.o)
                              C:/ST/STM32CubeIDE_1.16.0/STM32CubeIDE/plugins/com.st.stm32cube.ide.mcu.externaltools.gnu-tools-for-stm32.12.3.rel1.win32_1.0.200.202406191623/tools/bin/../lib/gcc/arm-none-eabi/12.3.1/../../../../arm-none-eabi/lib/thumb/v7e-m/nofp\libc_nano.a(libc_a-stdio.o) (_close_r)
C:/ST/STM32CubeIDE_1.16.0/STM32CubeIDE/plugins/com.st.stm32cube.ide.mcu.externaltools.gnu-tools-for-stm32.12.3.rel1.win32_1.0.200.202406191623/tools/bin/../lib/gcc/arm-none-eabi/12.3.1/../../../../arm-none-eabi/lib/thumb/v7e-m/nofp\libc_nano.a(libc_a-reent.o)
                              C:/ST/STM32CubeIDE_1.16.0/STM32CubeIDE/plugins/com.st.stm32cube.ide.mcu.externaltools.gnu-tools-for-stm32.12.3.rel1.win32_1.0.200.202406191623/tools/bin/../lib/gcc/arm-none-eabi/12.3.1/../../../../arm-none-eabi/lib/thumb/v7e-m/nofp\libc_nano.a(libc_a-closer.o) (errno)
C:/ST/STM32CubeIDE_1.16.0/STM32CubeIDE/plugins/com.st.stm32cube.ide.mcu.externaltools.gnu-tools-for-stm32.12.3.rel1.win32_1.0.200.202406191623/tools/bin/../lib/gcc/arm-none-eabi/12.3.1/../../../../arm-none-eabi/lib/thumb/v7e-m/nofp\libc_nano.a(libc_a-impure.o)
                              C:/ST/STM32CubeIDE_1.16.0/STM32CubeIDE/plugins/com.st.stm32cube.ide.mcu.externaltools.gnu-tools-for-stm32.12.3.rel1.win32_1.0.200.202406191623/tools/bin/../lib/gcc/arm-none-eabi/12.3.1/../../../../arm-none-eabi/lib/thumb/v7e-m/nofp\libc_nano.a(libc_a-reent.o) (_impure_ptr)
C:/ST/STM32CubeIDE_1.16.0/STM32CubeIDE/plugins/com.st.stm32cube.ide.mcu.externaltools.gnu-tools-for-stm32.12.3.rel1.win32_1.0.200.202406191623/tools/bin/../lib/gcc/arm-none-eabi/12.3.1/../../../../arm-none-eabi/lib/thumb/v7e-m/nofp\libc_nano.a(libc_a-lseekr.o)
[...]
Memory Configuration

Name             Origin             Length             Attributes
RAM              0x20000000         0x00020000         xrw
FLASH            0x08000000         0x00080000         xr
*default*        0x00000000         0xffffffff

Linker script and memory map

LOAD C:/ST/STM32CubeIDE_1.16.0/STM32CubeIDE/plugins/com.st.stm32cube.ide.mcu.externaltools.gnu-tools-for-stm32.12.3.rel1.win32_1.0.200.202406191623/tools/bin/../lib/gcc/arm-none-eabi/12.3.1/thumb/v7e-m/nofp/crti.o
LOAD C:/ST/STM32CubeIDE_1.16.0/STM32CubeIDE/plugins/com.st.stm32cube.ide.mcu.externaltools.gnu-tools-for-stm32.12.3.rel1.win32_1.0.200.202406191623/tools/bin/../lib/gcc/arm-none-eabi/12.3.1/thumb/v7e-m/nofp/crtbegin.o
LOAD C:/ST/STM32CubeIDE_1.16.0/STM32CubeIDE/plugins/com.st.stm32cube.ide.mcu.externaltools.gnu-tools-for-stm32.12.3.rel1.win32_1.0.200.202406191623/tools/bin/../lib/gcc/arm-none-eabi/12.3.1/../../../../arm-none-eabi/lib/thumb/v7e-m/nofp/crt0.o
LOAD ./Drivers/Src/Scheduler_Round_Robin.o
LOAD ./Drivers/Src/stm32f446xx_gpio_driver.o
LOAD ./Drivers/Src/stm32f446xx_spi_driver.o
LOAD ./Src/Scheduler.o
LOAD ./Src/syscalls.o
LOAD ./Src/sysmem.o
LOAD ./Startup/startup_stm32f446retx.o
START GROUP
LOAD C:/ST/STM32CubeIDE_1.16.0/STM32CubeIDE/plugins/com.st.stm32cube.ide.mcu.externaltools.gnu-tools-for-stm32.12.3.rel1.win32_1.0.200.202406191623/tools/bin/../lib/gcc/arm-none-eabi/12.3.1/../../../../arm-none-eabi/lib/thumb/v7e-m/nofp\libc_nano.a
LOAD C:/ST/STM32CubeIDE_1.16.0/STM32CubeIDE/plugins/com.st.stm32cube.ide.mcu.externaltools.gnu-tools-for-stm32.12.3.rel1.win32_1.0.200.202406191623/tools/bin/../lib/gcc/arm-none-eabi/12.3.1/../../../../arm-none-eabi/lib/thumb/v7e-m/nofp\libm.a
END GROUP
START GROUP
LOAD C:/ST/STM32CubeIDE_1.16.0/STM32CubeIDE/plugins/com.st.stm32cube.ide.mcu.externaltools.gnu-tools-for-stm32.12.3.rel1.win32_1.0.200.202406191623/tools/bin/../lib/gcc/arm-none-eabi/12.3.1/thumb/v7e-m/nofp\libgcc.a
LOAD C:/ST/STM32CubeIDE_1.16.0/STM32CubeIDE/plugins/com.st.stm32cube.ide.mcu.externaltools.gnu-tools-for-stm32.12.3.rel1.win32_1.0.200.202406191623/tools/bin/../lib/gcc/arm-none-eabi/12.3.1/../../../../arm-none-eabi/lib/thumb/v7e-m/nofp\libc_nano.a
END GROUP
START GROUP
LOAD C:/ST/STM32CubeIDE_1.16.0/STM32CubeIDE/plugins/com.st.stm32cube.ide.mcu.externaltools.gnu-tools-for-stm32.12.3.rel1.win32_1.0.200.202406191623/tools/bin/../lib/gcc/arm-none-eabi/12.3.1/thumb/v7e-m/nofp\libgcc.a
LOAD C:/ST/STM32CubeIDE_1.16.0/STM32CubeIDE/plugins/com.st.stm32cube.ide.mcu.externaltools.gnu-tools-for-stm32.12.3.rel1.win32_1.0.200.202406191623/tools/bin/../lib/gcc/arm-none-eabi/12.3.1/../../../../arm-none-eabi/lib/thumb/v7e-m/nofp\libc_nano.a
LOAD C:/ST/STM32CubeIDE_1.16.0/STM32CubeIDE/plugins/com.st.stm32cube.ide.mcu.externaltools.gnu-tools-for-stm32.12.3.rel1.win32_1.0.200.202406191623/tools/bin/../lib/gcc/arm-none-eabi/12.3.1/../../../../arm-none-eabi/lib/thumb/v7e-m/nofp\libnosys.a
END GROUP
START GROUP
LOAD C:/ST/STM32CubeIDE_1.16.0/STM32CubeIDE/plugins/com.st.stm32cube.ide.mcu.externaltools.gnu-tools-for-stm32.12.3.rel1.win32_1.0.200.202406191623/tools/bin/../lib/gcc/arm-none-eabi/12.3.1/thumb/v7e-m/nofp\libgcc.a
LOAD C:/ST/STM32CubeIDE_1.16.0/STM32CubeIDE/plugins/com.st.stm32cube.ide.mcu.externaltools.gnu-tools-for-stm32.12.3.rel1.win32_1.0.200.202406191623/tools/bin/../lib/gcc/arm-none-eabi/12.3.1/../../../../arm-none-eabi/lib/thumb/v7e-m/nofp\libc_nano.a
LOAD C:/ST/STM32CubeIDE_1.16.0/STM32CubeIDE/plugins/com.st.stm32cube.ide.mcu.externaltools.gnu-tools-for-stm32.12.3.rel1.win32_1.0.200.202406191623/tools/bin/../lib/gcc/arm-none-eabi/12.3.1/../../../../arm-none-eabi/lib/thumb/v7e-m/nofp\libnosys.a
END GROUP
LOAD C:/ST/STM32CubeIDE_1.16.0/STM32CubeIDE/plugins/com.st.stm32cube.ide.mcu.externaltools.gnu-tools-for-stm32.12.3.rel1.win32_1.0.200.202406191623/tools/bin/../lib/gcc/arm-none-eabi/12.3.1/thumb/v7e-m/nofp/crtend.o
LOAD C:/ST/STM32CubeIDE_1.16.0/STM32CubeIDE/plugins/com.st.stm32cube.ide.mcu.externaltools.gnu-tools-for-stm32.12.3.rel1.win32_1.0.200.202406191623/tools/bin/../lib/gcc/arm-none-eabi/12.3.1/thumb/v7e-m/nofp/crtn.o
                0x20020000                        _estack = (ORIGIN (RAM) + LENGTH (RAM))
                0x00000200                        _Min_Heap_Size = 0x200
                0x00000400                        _Min_Stack_Size = 0x400

.isr_vector     0x08000000      0x1c4
                0x08000000                        . = ALIGN (0x4)
 *(.isr_vector)
 .isr_vector    0x08000000      0x1c4 ./Startup/startup_stm32f446retx.o
                0x08000000                g_pfnVectors
                0x080001c4                        . = ALIGN (0x4)

.text           0x080001c4      0x6e8
                0x080001c4                        . = ALIGN (0x4)
 *(.text)
 .text          0x080001c4       0x40 C:/ST/STM32CubeIDE_1.16.0/STM32CubeIDE/plugins/com.st.stm32cube.ide.mcu.externaltools.gnu-tools-for-stm32.12.3.rel1.win32_1.0.200.202406191623/tools/bin/../lib/gcc/arm-none-eabi/12.3.1/thumb/v7e-m/nofp/crtbegin.o
 *(.text*)
 .text.GPIO_BASEADDR_TO_CODE
                0x08000204       0x94 ./Drivers/Src/stm32f446xx_gpio_driver.o
 .text.GPIO_PeriClockControl
                0x08000298      0x1a0 ./Drivers/Src/stm32f446xx_gpio_driver.o
                0x08000298                GPIO_PeriClockControl
 .text.GPIO_Init
                0x08000438      0x358 ./Drivers/Src/stm32f446xx_gpio_driver.o
                0x08000438                GPIO_Init
 .text.main     0x08000790        0xc ./Src/Scheduler.o
                0x08000790                main
 .text.GPIOx_Init
                0x0800079c       0x4c ./Src/Scheduler.o
                0x0800079c                GPIOx_Init
 .text.Reset_Handler
                0x080007e8       0x50 ./Startup/startup_stm32f446retx.o
                0x080007e8                Reset_Handler
 .text.Default_Handler
                0x08000838        0x2 ./Startup/startup_stm32f446retx.o
                0x08000838                RTC_Alarm_IRQHandler
                0x08000838                EXTI2_IRQHandler
                0x08000838                TIM8_CC_IRQHandler
                0x08000838                SPDIF_Rx_IRQHandler
                0x08000838                DebugMon_Handler
                0x08000838                SPI4_IRQHandler
                0x08000838                TIM1_CC_IRQHandler
                0x08000838                QuadSPI_IRQHandler
                0x08000838                DMA2_Stream5_IRQHandler
                0x08000838                HardFault_Handler
                0x08000838                DMA1_Stream5_IRQHandler
                0x08000838                SysTick_Handler
                0x08000838                PVD_IRQHandler
                0x08000838                SDIO_IRQHandler
                0x08000838                TAMP_STAMP_IRQHandler
                0x08000838                PendSV_Handler
                0x08000838                NMI_Handler
                0x08000838                CAN2_RX1_IRQHandler
                0x08000838                EXTI3_IRQHandler
                0x08000838                TIM8_TRG_COM_TIM14_IRQHandler
                0x08000838                TIM1_UP_TIM10_IRQHandler
                0x08000838                FMPI2C1_error_IRQHandler
                0x08000838                TIM8_UP_TIM13_IRQHandler
                0x08000838                I2C3_ER_IRQHandler
                0x08000838                EXTI0_IRQHandler
                0x08000838                I2C2_EV_IRQHandler
                0x08000838                DMA1_Stream2_IRQHandler
                0x08000838                CAN1_RX0_IRQHandler
                0x08000838                OTG_HS_WKUP_IRQHandler
                0x08000838                UsageFault_Handler
                0x08000838                CAN2_SCE_IRQHandler
                0x08000838                DMA2_Stream2_IRQHandler
                0x08000838                SPI1_IRQHandler
                0x08000838                TIM6_DAC_IRQHandler
                0x08000838                TIM1_BRK_TIM9_IRQHandler
                0x08000838                DCMI_IRQHandler
                0x08000838                CAN2_RX0_IRQHandler
                0x08000838                DMA2_Stream3_IRQHandler
                0x08000838                FMPI2C1_IRQHandler
                0x08000838                SAI2_IRQHandler
                0x08000838                USART6_IRQHandler
                0x08000838                USART3_IRQHandler
                0x08000838                CAN1_RX1_IRQHandler
                0x08000838                UART5_IRQHandler
                0x08000838                DMA2_Stream0_IRQHandler
                0x08000838                TIM4_IRQHandler
                0x08000838                I2C1_EV_IRQHandler
                0x08000838                HDMI_CEC_IRQHandler
                0x08000838                DMA1_Stream6_IRQHandler
                0x08000838                DMA1_Stream1_IRQHandler
                0x08000838                UART4_IRQHandler
                0x08000838                TIM3_IRQHandler
                0x08000838                RCC_IRQHandler
                0x08000838                TIM8_BRK_TIM12_IRQHandler
                0x08000838                Default_Handler
                0x08000838                EXTI15_10_IRQHandler
                0x08000838                ADC_IRQHandler
                0x08000838                DMA1_Stream7_IRQHandler
                0x08000838                TIM7_IRQHandler
                0x08000838                CAN2_TX_IRQHandler
                0x08000838                TIM5_IRQHandler
                0x08000838                DMA2_Stream7_IRQHandler
                0x08000838                I2C3_EV_IRQHandler
                0x08000838                EXTI9_5_IRQHandler
                0x08000838                RTC_WKUP_IRQHandler
                0x08000838                SPI2_IRQHandler
                0x08000838                OTG_HS_EP1_IN_IRQHandler
                0x08000838                MemManage_Handler
                0x08000838                DMA1_Stream0_IRQHandler
                0x08000838                CAN1_TX_IRQHandler
                0x08000838                SVC_Handler
                0x08000838                EXTI4_IRQHandler
                0x08000838                OTG_HS_EP1_OUT_IRQHandler
                0x08000838                WWDG_IRQHandler
                0x08000838                TIM2_IRQHandler
                0x08000838                OTG_FS_WKUP_IRQHandler
                0x08000838                TIM1_TRG_COM_TIM11_IRQHandler
                0x08000838                OTG_HS_IRQHandler
                0x08000838                EXTI1_IRQHandler
                0x08000838                USART2_IRQHandler
                0x08000838                I2C2_ER_IRQHandler
                0x08000838                DMA2_Stream1_IRQHandler
                0x08000838                CAN1_SCE_IRQHandler
                0x08000838                FLASH_IRQHandler
                0x08000838                DMA2_Stream4_IRQHandler
                0x08000838                BusFault_Handler
                0x08000838                USART1_IRQHandler
                0x08000838                OTG_FS_IRQHandler
                0x08000838                SPI3_IRQHandler
                0x08000838                DMA1_Stream4_IRQHandler
                0x08000838                I2C1_ER_IRQHandler
                0x08000838                FMC_IRQHandler
                0x08000838                DMA2_Stream6_IRQHandler
                0x08000838                SAI1_IRQHandler
                0x08000838                DMA1_Stream3_IRQHandler
 .text.memset   0x0800083a       0x10 C:/ST/STM32CubeIDE_1.16.0/STM32CubeIDE/plugins/com.st.stm32cube.ide.mcu.externaltools.gnu-tools-for-stm32.12.3.rel1.win32_1.0.200.202406191623/tools/bin/../lib/gcc/arm-none-eabi/12.3.1/../../../../arm-none-eabi/lib/thumb/v7e-m/nofp\libc_nano.a(libc_a-memset.o)
                0x0800083a                memset
 *fill*         0x0800084a        0x2 
 .text.__libc_init_array
                0x0800084c       0x48 C:/ST/STM32CubeIDE_1.16.0/STM32CubeIDE/plugins/com.st.stm32cube.ide.mcu.externaltools.gnu-tools-for-stm32.12.3.rel1.win32_1.0.200.202406191623/tools/bin/../lib/gcc/arm-none-eabi/12.3.1/../../../../arm-none-eabi/lib/thumb/v7e-m/nofp\libc_nano.a(libc_a-init.o)
                0x0800084c                __libc_init_array
 *(.glue_7)
 .glue_7        0x08000894        0x0 linker stubs
 *(.glue_7t)
 .glue_7t       0x08000894        0x0 linker stubs
 *(.eh_frame)
 .eh_frame      0x08000894        0x0 C:/ST/STM32CubeIDE_1.16.0/STM32CubeIDE/plugins/com.st.stm32cube.ide.mcu.externaltools.gnu-tools-for-stm32.12.3.rel1.win32_1.0.200.202406191623/tools/bin/../lib/gcc/arm-none-eabi/12.3.1/thumb/v7e-m/nofp/crtbegin.o
 *(.init)
 .init          0x08000894        0x4 C:/ST/STM32CubeIDE_1.16.0/STM32CubeIDE/plugins/com.st.stm32cube.ide.mcu.externaltools.gnu-tools-for-stm32.12.3.rel1.win32_1.0.200.202406191623/tools/bin/../lib/gcc/arm-none-eabi/12.3.1/thumb/v7e-m/nofp/crti.o
                0x08000894                _init
 .init          0x08000898        0x8 C:/ST/STM32CubeIDE_1.16.0/STM32CubeIDE/plugins/com.st.stm32cube.ide.mcu.externaltools.gnu-tools-for-stm32.12.3.rel1.win32_1.0.200.202406191623/tools/bin/../lib/gcc/arm-none-eabi/12.3.1/thumb/v7e-m/nofp/crtn.o
 *(.fini)
 .fini          0x080008a0        0x4 C:/ST/STM32CubeIDE_1.16.0/STM32CubeIDE/plugins/com.st.stm32cube.ide.mcu.externaltools.gnu-tools-for-stm32.12.3.rel1.win32_1.0.200.202406191623/tools/bin/../lib/gcc/arm-none-eabi/12.3.1/thumb/v7e-m/nofp/crti.o
                0x080008a0                _fini
 .fini          0x080008a4        0x8 C:/ST/STM32CubeIDE_1.16.0/STM32CubeIDE/plugins/com.st.stm32cube.ide.mcu.externaltools.gnu-tools-for-stm32.12.3.rel1.win32_1.0.200.202406191623/tools/bin/../lib/gcc/arm-none-eabi/12.3.1/thumb/v7e-m/nofp/crtn.o
                0x080008ac                        . = ALIGN (0x4)
                0x080008ac                        _etext = .

.vfp11_veneer   0x080008ac        0x0
 .vfp11_veneer  0x080008ac        0x0 linker stubs

.v4_bx          0x080008ac        0x0
 .v4_bx         0x080008ac        0x0 linker stubs

.iplt           0x080008ac        0x0
 .iplt          0x080008ac        0x0 C:/ST/STM32CubeIDE_1.16.0/STM32CubeIDE/plugins/com.st.stm32cube.ide.mcu.externaltools.gnu-tools-for-stm32.12.3.rel1.win32_1.0.200.202406191623/tools/bin/../lib/gcc/arm-none-eabi/12.3.1/thumb/v7e-m/nofp/crtbegin.o

.rodata         0x080008ac        0x0
                0x080008ac                        . = ALIGN (0x4)
 *(.rodata)
 *(.rodata*)
                0x080008ac                        . = ALIGN (0x4)

.ARM.extab      0x080008ac        0x0
                0x080008ac                        . = ALIGN (0x4)
 *(.ARM.extab* .gnu.linkonce.armextab.*)
                0x080008ac                        . = ALIGN (0x4)

.ARM            0x080008ac        0x0
                0x080008ac                        . = ALIGN (0x4)
                0x080008ac                        __exidx_start = .
 *(.ARM.exidx*)
                0x080008ac                        __exidx_end = .
                0x080008ac                        . = ALIGN (0x4)

.preinit_array  0x080008ac        0x0
                0x080008ac                        . = ALIGN (0x4)
                0x080008ac                        PROVIDE (__preinit_array_start = .)
 *(.preinit_array*)
                0x080008ac                        PROVIDE (__preinit_array_end = .)
                0x080008ac                        . = ALIGN (0x4)

.init_array     0x080008ac        0x4
                0x080008ac                        . = ALIGN (0x4)
                0x080008ac                        PROVIDE (__init_array_start = .)
 *(SORT_BY_NAME(.init_array.*))
 *(.init_array*)
 .init_array    0x080008ac        0x4 C:/ST/STM32CubeIDE_1.16.0/STM32CubeIDE/plugins/com.st.stm32cube.ide.mcu.externaltools.gnu-tools-for-stm32.12.3.rel1.win32_1.0.200.202406191623/tools/bin/../lib/gcc/arm-none-eabi/12.3.1/thumb/v7e-m/nofp/crtbegin.o
                0x080008b0                        PROVIDE (__init_array_end = .)
                0x080008b0                        . = ALIGN (0x4)

.fini_array     0x080008b0        0x4
                0x080008b0                        . = ALIGN (0x4)
                [!provide]                        PROVIDE (__fini_array_start = .)
 *(SORT_BY_NAME(.fini_array.*))
 *(.fini_array*)
 .fini_array    0x080008b0        0x4 C:/ST/STM32CubeIDE_1.16.0/STM32CubeIDE/plugins/com.st.stm32cube.ide.mcu.externaltools.gnu-tools-for-stm32.12.3.rel1.win32_1.0.200.202406191623/tools/bin/../lib/gcc/arm-none-eabi/12.3.1/thumb/v7e-m/nofp/crtbegin.o
                [!provide]                        PROVIDE (__fini_array_end = .)
                0x080008b4                        . = ALIGN (0x4)
                0x080008b4                        _sidata = LOADADDR (.data)

.rel.dyn        0x080008b4        0x0
 .rel.iplt      0x080008b4        0x0 C:/ST/STM32CubeIDE_1.16.0/STM32CubeIDE/plugins/com.st.stm32cube.ide.mcu.externaltools.gnu-tools-for-stm32.12.3.rel1.win32_1.0.200.202406191623/tools/bin/../lib/gcc/arm-none-eabi/12.3.1/thumb/v7e-m/nofp/crtbegin.o

.data           0x20000000        0x0 load address 0x080008b4
                0x20000000                        . = ALIGN (0x4)
                0x20000000                        _sdata = .
 *(.data)
 *(.data*)
 *(.RamFunc)
 *(.RamFunc*)
                0x20000000                        . = ALIGN (0x4)
                0x20000000                        _edata = .

.igot.plt       0x20000000        0x0 load address 0x080008b4
 .igot.plt      0x20000000        0x0 C:/ST/STM32CubeIDE_1.16.0/STM32CubeIDE/plugins/com.st.stm32cube.ide.mcu.externaltools.gnu-tools-for-stm32.12.3.rel1.win32_1.0.200.202406191623/tools/bin/../lib/gcc/arm-none-eabi/12.3.1/thumb/v7e-m/nofp/crtbegin.o
                0x20000000                        . = ALIGN (0x4)

.bss            0x20000000       0x1c load address 0x080008b4
                0x20000000                        _sbss = .
                0x20000000                        __bss_start__ = _sbss
 *(.bss)
 .bss           0x20000000       0x1c C:/ST/STM32CubeIDE_1.16.0/STM32CubeIDE/plugins/com.st.stm32cube.ide.mcu.externaltools.gnu-tools-for-stm32.12.3.rel1.win32_1.0.200.202406191623/tools/bin/../lib/gcc/arm-none-eabi/12.3.1/thumb/v7e-m/nofp/crtbegin.o
 *(.bss*)
 *(COMMON)
                0x2000001c                        . = ALIGN (0x4)
                0x2000001c                        _ebss = .
                0x2000001c                        __bss_end__ = _ebss

._user_heap_stack
                0x2000001c      0x604 load address 0x080008b4
                0x20000020                        . = ALIGN (0x8)
 *fill*         0x2000001c        0x4 
                [!provide]                        PROVIDE (end = .)
                0x20000020                        PROVIDE (_end = .)
                0x20000220                        . = (. + _Min_Heap_Size)
 *fill*         0x20000020      0x200 
                0x20000620                        . = (. + _Min_Stack_Size)
 *fill*         0x20000220      0x400 
                0x20000620                        . = ALIGN (0x8)

/DISCARD/
 libc.a(*)
 libm.a(*)
 libgcc.a(*)

.ARM.attributes
                0x00000000       0x2a
 *(.ARM.attributes)
 .ARM.attributes
                0x00000000       0x1e C:/ST/STM32CubeIDE_1.16.0/STM32CubeIDE/plugins/com.st.stm32cube.ide.mcu.externaltools.gnu-tools-for-stm32.12.3.rel1.win32_1.0.200.202406191623/tools/bin/../lib/gcc/arm-none-eabi/12.3.1/thumb/v7e-m/nofp/crti.o
 .ARM.attributes
                0x0000001e       0x2e C:/ST/STM32CubeIDE_1.16.0/STM32CubeIDE/plugins/com.st.stm32cube.ide.mcu.externaltools.gnu-tools-for-stm32.12.3.rel1.win32_1.0.200.202406191623/tools/bin/../lib/gcc/arm-none-eabi/12.3.1/thumb/v7e-m/nofp/crtbegin.o
 .ARM.attributes
                0x0000004c       0x2e ./Drivers/Src/stm32f446xx_gpio_driver.o
 .ARM.attributes
                0x0000007a       0x2e ./Src/Scheduler.o
 .ARM.attributes
                0x000000a8       0x21 ./Startup/startup_stm32f446retx.o
 .ARM.attributes
                0x000000c9       0x2e C:/ST/STM32CubeIDE_1.16.0/STM32CubeIDE/plugins/com.st.stm32cube.ide.mcu.externaltools.gnu-tools-for-stm32.12.3.rel1.win32_1.0.200.202406191623/tools/bin/../lib/gcc/arm-none-eabi/12.3.1/../../../../arm-none-eabi/lib/thumb/v7e-m/nofp\libc_nano.a(libc_a-memset.o)
 .ARM.attributes
                0x000000f7       0x2e C:/ST/STM32CubeIDE_1.16.0/STM32CubeIDE/plugins/com.st.stm32cube.ide.mcu.externaltools.gnu-tools-for-stm32.12.3.rel1.win32_1.0.200.202406191623/tools/bin/../lib/gcc/arm-none-eabi/12.3.1/../../../../arm-none-eabi/lib/thumb/v7e-m/nofp\libc_nano.a(libc_a-init.o)
 .ARM.attributes
                0x00000125       0x1e C:/ST/STM32CubeIDE_1.16.0/STM32CubeIDE/plugins/com.st.stm32cube.ide.mcu.externaltools.gnu-tools-for-stm32.12.3.rel1.win32_1.0.200.202406191623/tools/bin/../lib/gcc/arm-none-eabi/12.3.1/thumb/v7e-m/nofp/crtn.o
OUTPUT(STM32F446xx_Drivers.elf elf32-littlearm)
LOAD linker stubs
LOAD C:/ST/STM32CubeIDE_1.16.0/STM32CubeIDE/plugins/com.st.stm32cube.ide.mcu.externaltools.gnu-tools-for-stm32.12.3.rel1.win32_1.0.200.202406191623/tools/bin/../lib/gcc/arm-none-eabi/12.3.1/../../../../arm-none-eabi/lib/thumb/v7e-m/nofp\libc.a
LOAD C:/ST/STM32CubeIDE_1.16.0/STM32CubeIDE/plugins/com.st.stm32cube.ide.mcu.externaltools.gnu-tools-for-stm32.12.3.rel1.win32_1.0.200.202406191623/tools/bin/../lib/gcc/arm-none-eabi/12.3.1/../../../../arm-none-eabi/lib/thumb/v7e-m/nofp\libm.a
LOAD C:/ST/STM32CubeIDE_1.16.0/STM32CubeIDE/plugins/com.st.stm32cube.ide.mcu.externaltools.gnu-tools-for-stm32.12.3.rel1.win32_1.0.200.202406191623/tools/bin/../lib/gcc/arm-none-eabi/12.3.1/thumb/v7e-m/nofp\libgcc.a

.debug_info     0x00000000      0xe70
 .debug_info    0x00000000      0xb04 ./Drivers/Src/stm32f446xx_gpio_driver.o
 .debug_info    0x00000b04      0x33c ./Src/Scheduler.o
 .debug_info    0x00000e40       0x30 ./Startup/startup_stm32f446retx.o

.debug_abbrev   0x00000000      0x31a
 .debug_abbrev  0x00000000      0x1aa ./Drivers/Src/stm32f446xx_gpio_driver.o
 .debug_abbrev  0x000001aa      0x14c ./Src/Scheduler.o
 .debug_abbrev  0x000002f6       0x24 ./Startup/startup_stm32f446retx.o

.debug_aranges  0x00000000       0xe8
 .debug_aranges
                0x00000000       0x78 ./Drivers/Src/stm32f446xx_gpio_driver.o
 .debug_aranges
                0x00000078       0x48 ./Src/Scheduler.o
 .debug_aranges
                0x000000c0       0x28 ./Startup/startup_stm32f446retx.o

.debug_rnglists
                0x00000000       0xa4
 .debug_rnglists
                0x00000000       0x5a ./Drivers/Src/stm32f446xx_gpio_driver.o
 .debug_rnglists
                0x0000005a       0x31 ./Src/Scheduler.o
 .debug_rnglists
                0x0000008b       0x19 ./Startup/startup_stm32f446retx.o

.debug_macro    0x00000000      0xf38
 .debug_macro   0x00000000       0x81 ./Drivers/Src/stm32f446xx_gpio_driver.o
 .debug_macro   0x00000081       0x64 ./Drivers/Src/stm32f446xx_gpio_driver.o
 .debug_macro   0x000000e5      0x15b ./Src/Scheduler.o
 .debug_macro   0x00000240       0x61 ./Src/Scheduler.o
 .debug_macro   0x000002a1       0x24 ./Src/Scheduler.o
 .debug_macro   0x000002c5       0x43 ./Src/Scheduler.o
 .debug_macro   0x00000308       0x34 ./Src/Scheduler.o
 .debug_macro   0x0000033c      0x189 ./Src/Scheduler.o
 .debug_macro   0x000004c5       0x16 ./Src/Scheduler.o
 .debug_macro   0x000004db       0x43 ./Src/Scheduler.o
 .debug_macro   0x0000051e       0x34 ./Src/Scheduler.o
 .debug_macro   0x00000552       0x10 ./Src/Scheduler.o
 .debug_macro   0x00000562       0x58 ./Src/Scheduler.o
 .debug_macro   0x000005ba       0x8e ./Src/Scheduler.o
 .debug_macro   0x00000648       0x1c ./Src/Scheduler.o
 .debug_macro   0x00000664      0x177 ./Src/Scheduler.o
 .debug_macro   0x000007db      0x369 ./Src/Scheduler.o
 .debug_macro   0x00000b44       0x10 ./Src/Scheduler.o
 .debug_macro   0x00000b54       0x35 ./Src/Scheduler.o
 .debug_macro   0x00000b89       0x20 ./Src/Scheduler.o
 .debug_macro   0x00000ba9      0x343 ./Src/Scheduler.o
 .debug_macro   0x00000eec       0x4c ./Src/Scheduler.o

.debug_line     0x00000000     0x1182
 .debug_line    0x00000000      0xa51 ./Drivers/Src/stm32f446xx_gpio_driver.o
 .debug_line    0x00000a51      0x6b6 ./Src/Scheduler.o
 .debug_line    0x00001107       0x7b ./Startup/startup_stm32f446retx.o

.debug_str      0x00000000     0x936e
 .debug_str     0x00000000     0x5cb0 ./Drivers/Src/stm32f446xx_gpio_driver.o
                               0x5e3a (size before relaxing)
 .debug_str     0x00005cb0     0x367f ./Src/Scheduler.o
                               0x8b23 (size before relaxing)
 .debug_str     0x0000932f       0x3f ./Startup/startup_stm32f446retx.o
                                 0x91 (size before relaxing)

.comment        0x00000000       0x43
 .comment       0x00000000       0x43 ./Drivers/Src/stm32f446xx_gpio_driver.o
                                 0x44 (size before relaxing)
 .comment       0x00000043       0x44 ./Src/Scheduler.o

.debug_frame    0x00000000      0x2ec
 .debug_frame   0x00000000      0x1f0 ./Drivers/Src/stm32f446xx_gpio_driver.o
 .debug_frame   0x000001f0       0xb0 ./Src/Scheduler.o
 .debug_frame   0x000002a0       0x20 C:/ST/STM32CubeIDE_1.16.0/STM32CubeIDE/plugins/com.st.stm32cube.ide.mcu.externaltools.gnu-tools-for-stm32.12.3.rel1.win32_1.0.200.202406191623/tools/bin/../lib/gcc/arm-none-eabi/12.3.1/../../../../arm-none-eabi/lib/thumb/v7e-m/nofp\libc_nano.a(libc_a-memset.o)
 .debug_frame   0x000002c0       0x2c C:/ST/STM32CubeIDE_1.16.0/STM32CubeIDE/plugins/com.st.stm32cube.ide.mcu.externaltools.gnu-tools-for-stm32.12.3.rel1.win32_1.0.200.202406191623/tools/bin/../lib/gcc/arm-none-eabi/12.3.1/../../../../arm-none-eabi/lib/thumb/v7e-m/nofp\libc_nano.a(libc_a-init.o)

.debug_line_str
                0x00000000       0x75
 .debug_line_str
                0x00000000       0x75 ./Startup/startup_stm32f446retx.o
