Archive member included to satisfy reference by file (symbol)

C:/ST/STM32CubeIDE_1.16.0/STM32CubeIDE/plugins/com.st.stm32cube.ide.mcu.externaltools.gnu-tools-for-stm32.12.3.rel1.win32_1.0.200.202406191623/tools/bin/../lib/gcc/arm-none-eabi/12.3.1/../../../../arm-none-eabi/lib/thumb/v7e-m/nofp\libc_nano.a(libc_a-exit.o)
                              C:/ST/STM32CubeIDE_1.16.0/STM32CubeIDE/plugins/com.st.stm32cube.ide.mcu.externaltools.gnu-tools-for-stm32.12.3.rel1.win32_1.0.200.202406191623/tools/bin/../lib/gcc/arm-none-eabi/12.3.1/../../../../arm-none-eabi/lib/thumb/v7e-m/nofp/crt0.o (exit)
C:/ST/STM32CubeIDE_1.16.0/STM32CubeIDE/plugins/com.st.stm32cube.ide.mcu.externaltools.gnu-tools-for-stm32.12.3.rel1.win32_1.0.200.202406191623/tools/bin/../lib/gcc/arm-none-eabi/12.3.1/../../../../arm-none-eabi/lib/thumb/v7e-m/nofp\libc_nano.a(libc_a-findfp.o)
                              C:/ST/STM32CubeIDE_1.16.0/STM32CubeIDE/plugins/com.st.stm32cube.ide.mcu.externaltools.gnu-tools-for-stm32.12.3.rel1.win32_1.0.200.202406191623/tools/bin/../lib/gcc/arm-none-eabi/12.3.1/../../../../arm-none-eabi/lib/thumb/v7e-m/nofp\libc_nano.a(libc_a-exit.o) (__stdio_exit_handler)
C:/ST/STM32CubeIDE_1.16.0/STM32CubeIDE/plugins/com.st.stm32cube.ide.mcu.externaltools.gnu-tools-for-stm32.12.3.rel1.win32_1.0.200.202406191623/tools/bin/../lib/gcc/arm-none-eabi/12.3.1/../../../../arm-none-eabi/lib/thumb/v7e-m/nofp\libc_nano.a(libc_a-fwalk.o)
                              C:/ST/STM32CubeIDE_1.16.0/STM32CubeIDE/plugins/com.st.stm32cube.ide.mcu.externaltools.gnu-tools-for-stm32.12.3.rel1.win32_1.0.200.202406191623/tools/bin/../lib/gcc/arm-none-eabi/12.3.1/../../../../arm-none-eabi/lib/thumb/v7e-m/nofp\libc_nano.a(libc_a-findfp.o) (_fwalk_sglue)
C:/ST/STM32CubeIDE_1.16.0/STM32CubeIDE/plugins/com.st.stm32cube.ide.mcu.externaltools.gnu-tools-for-stm32.12.3.rel1.win32_1.0.200.202406191623/tools/bin/../lib/gcc/arm-none-eabi/12.3.1/../../../../arm-none-eabi/lib/thumb/v7e-m/nofp\libc_nano.a(libc_a-stdio.o)
                              C:/ST/STM32CubeIDE_1.16.0/STM32CubeIDE/plugins/com.st.stm32cube.ide.mcu.externaltools.gnu-tools-for-stm32.12.3.rel1.win32_1.0.200.202406191623/tools/bin/../lib/gcc/arm-none-eabi/12.3.1/../../../../arm-none-eabi/lib/thumb/v7e-m/nofp\libc_nano.a(libc_a-findfp.o) (__sread)
C:/ST/STM32CubeIDE_1.16.0/STM32CubeIDE/plugins/com.st.stm32cube.ide.mcu.externaltools.gnu-tools-for-stm32.12.3.rel1.win32_1.0.200.202406191623/tools/bin/../lib/gcc/arm-none-eabi/12.3.1/../../../../arm-none-eabi/lib/thumb/v7e-m/nofp\libc_nano.a(libc_a-memset.o)
                              C:/ST/STM32CubeIDE_1.16.0/STM32CubeIDE/plugins/com.st.stm32cube.ide.mcu.externaltools.gnu-tools-for-stm32.12.3.rel1.win32_1.0.200.202406191623/tools/bin/../lib/gcc/arm-none-eabi/12.3.1/../../../../arm-none-eabi/lib/thumb/v7e-m/nofp/crt0.o (memset)
C:/ST/STM32CubeIDE_1.16.0/STM32CubeIDE/plugins/com.st.stm32cube.ide.mcu.externaltools.gnu-tools-for-stm32.12.3.rel1.win32_1.0.200.202406191623/tools/bin/../lib/gcc/arm-none-eabi/12.3.1/../../../../arm-none-eabi/lib/thumb/v7e-m/nofp\libc_nano.a(libc_a-closer.o)
                              C:/ST/STM32CubeIDE_1.16.0/STM32CubeIDE/plugins/com.st.stm32cube.ide.mcu.externaltools.gnu-tools-for-stm32.12.3.rel1.win32_1.0.200.202406191623/tools/bin/../lib/gcc/arm-none-eabi/12.3.1/../../../../arm-none-eabi/lib/thumb/v7e-m/nofp\libc_nano.a(libc_a-stdio.o) (_close_r)
C:/ST/STM32CubeIDE_1.16.0/STM32CubeIDE/plugins/com.st.stm32cube.ide.mcu.externaltools.gnu-tools-for-stm32.12.3.rel1.win32_1.0.200.202406191623/tools/bin/../lib/gcc/arm-none-eabi/12.3.1/../../../../arm-none-eabi/lib/thumb/v7e-m/nofp\libc_nano.a(libc_a-reent.o)
                              C:/ST/STM32CubeIDE_1.16.0/STM32CubeIDE/plugins/com.st.stm32cube.ide.mcu.externaltools.gnu-tools-for-stm32.12.3.rel1.win32_1.0.200.202406191623/tools/bin/../lib/gcc/arm-none-eabi/12.3.1/../../../../arm-none-eabi/lib/thumb/v7e-m/nofp\libc_nano.a(libc_a-closer.o) (errno)
C:/ST/STM32CubeIDE_1.16.0/STM32CubeIDE/plugins/com.st.stm32cube.ide.mcu.externaltools.gnu-tools-for-stm32.12.3.rel1.win32_1.0.200.202406191623/tools/bin/../lib/gcc/arm-none-eabi/12.3.1/../../../../arm-none-eabi/lib/thumb/v7e-m/nofp\libc_nano.a(libc_a-impure.o)
                              C:/ST/STM32CubeIDE_1.16.0/STM32CubeIDE/plugins/com.st.stm32cube.ide.mcu.externaltools.gnu-tools-for-stm32.12.3.rel1.win32_1.0.200.202406191623/tools/bin/../lib/gcc/arm-none-eabi/12.3.1/../../../../arm-none-eabi/lib/thumb/v7e-m/nofp\libc_nano.a(libc_a-reent.o) (_impure_ptr)
C:/ST/STM32CubeIDE_1.16.0/STM32CubeIDE/plugins/com.st.stm32cube.ide.mcu.externaltools.gnu-tools-for-stm32.12.3.rel1.win32_1.0.200.202406191623/tools/bin/../lib/gcc/arm-none-eabi/12.3.1/../../../../arm-none-eabi/lib/thumb/v7e-m/nofp\libc_nano.a(libc_a-lseekr.o)
[...]
Memory Configuration

Name             Origin             Length             Attributes
RAM              0x20000000         0x00020000         xrw
FLASH            0x08000000         0x00080000         xr
*default*        0x00000000         0xffffffff

Linker script and memory map

LOAD C:/ST/STM32CubeIDE_1.16.0/STM32CubeIDE/plugins/com.st.stm32cube.ide.mcu.externaltools.gnu-tools-for-stm32.12.3.rel1.win32_1.0.200.202406191623/tools/bin/../lib/gcc/arm-none-eabi/12.3.1/thumb/v7e-m/nofp/crti.o
LOAD C:/ST/STM32CubeIDE_1.16.0/STM32CubeIDE/plugins/com.st.stm32cube.ide.mcu.externaltools.gnu-tools-for-stm32.12.3.rel1.win32_1.0.200.202406191623/tools/bin/../lib/gcc/arm-none-eabi/12.3.1/thumb/v7e-m/nofp/crtbegin.o
LOAD C:/ST/STM32CubeIDE_1.16.0/STM32CubeIDE/plugins/com.st.stm32cube.ide.mcu.externaltools.gnu-tools-for-stm32.12.3.rel1.win32_1.0.200.202406191623/tools/bin/../lib/gcc/arm-none-eabi/12.3.1/../../../../arm-none-eabi/lib/thumb/v7e-m/nofp/crt0.o
LOAD ./Drivers/Src/Scheduler_Round_Robin.o
LOAD ./Drivers/Src/stm32f446xx_gpio_driver.o
LOAD ./Drivers/Src/stm32f446xx_spi_driver.o
LOAD ./Src/Scheduler.o
LOAD ./Src/syscalls.o
LOAD ./Src/sysmem.o
LOAD ./Startup/startup_stm32f446retx.o
START GROUP
LOAD C:/ST/STM32CubeIDE_1.16.0/STM32CubeIDE/plugins/com.st.stm32cube.ide.mcu.externaltools.gnu-tools-for-stm32.12.3.rel1.win32_1.0.200.202406191623/tools/bin/../lib/gcc/arm-none-eabi/12.3.1/../../../../arm-none-eabi/lib/thumb/v7e-m/nofp\libc_nano.a
LOAD C:/ST/STM32CubeIDE_1.16.0/STM32CubeIDE/plugins/com.st.stm32cube.ide.mcu.externaltools.gnu-tools-for-stm32.12.3.rel1.win32_1.0.200.202406191623/tools/bin/../lib/gcc/arm-none-eabi/12.3.1/../../../../arm-none-eabi/lib/thumb/v7e-m/nofp\libm.a
END GROUP
START GROUP
LOAD C:/ST/STM32CubeIDE_1.16.0/STM32CubeIDE/plugins/com.st.stm32cube.ide.mcu.externaltools.gnu-tools-for-stm32.12.3.rel1.win32_1.0.200.202406191623/tools/bin/../lib/gcc/arm-none-eabi/12.3.1/thumb/v7e-m/nofp\libgcc.a
LOAD C:/ST/STM32CubeIDE_1.16.0/STM32CubeIDE/plugins/com.st.stm32cube.ide.mcu.externaltools.gnu-tools-for-stm32.12.3.rel1.win32_1.0.200.202406191623/tools/bin/../lib/gcc/arm-none-eabi/12.3.1/../../../../arm-none-eabi/lib/thumb/v7e-m/nofp\libc_nano.a
END GROUP
START GROUP
LOAD C:/ST/STM32CubeIDE_1.16.0/STM32CubeIDE/plugins/com.st.stm32cube.ide.mcu.externaltools.gnu-tools-for-stm32.12.3.rel1.win32_1.0.200.202406191623/tools/bin/../lib/gcc/arm-none-eabi/12.3.1/thumb/v7e-m/nofp\libgcc.a
LOAD C:/ST/STM32CubeIDE_1.16.0/STM32CubeIDE/plugins/com.st.stm32cube.ide.mcu.externaltools.gnu-tools-for-stm32.12.3.rel1.win32_1.0.200.202406191623/tools/bin/../lib/gcc/arm-none-eabi/12.3.1/../../../../arm-none-eabi/lib/thumb/v7e-m/nofp\libc_nano.a
LOAD C:/ST/STM32CubeIDE_1.16.0/STM32CubeIDE/plugins/com.st.stm32cube.ide.mcu.externaltools.gnu-tools-for-stm32.12.3.rel1.win32_1.0.200.202406191623/tools/bin/../lib/gcc/arm-none-eabi/12.3.1/../../../../arm-none-eabi/lib/thumb/v7e-m/nofp\libnosys.a
END GROUP
START GROUP
LOAD C:/ST/STM32CubeIDE_1.16.0/STM32CubeIDE/plugins/com.st.stm32cube.ide.mcu.externaltools.gnu-tools-for-stm32.12.3.rel1.win32_1.0.200.202406191623/tools/bin/../lib/gcc/arm-none-eabi/12.3.1/thumb/v7e-m/nofp\libgcc.a
LOAD C:/ST/STM32CubeIDE_1.16.0/STM32CubeIDE/plugins/com.st.stm32cube.ide.mcu.externaltools.gnu-tools-for-stm32.12.3.rel1.win32_1.0.200.202406191623/tools/bin/../lib/gcc/arm-none-eabi/12.3.1/../../../../arm-none-eabi/lib/thumb/v7e-m/nofp\libc_nano.a
LOAD C:/ST/STM32CubeIDE_1.16.0/STM32CubeIDE/plugins/com.st.stm32cube.ide.mcu.externaltools.gnu-tools-for-stm32.12.3.rel1.win32_1.0.200.202406191623/tools/bin/../lib/gcc/arm-none-eabi/12.3.1/../../../../arm-none-eabi/lib/thumb/v7e-m/nofp\libnosys.a
END GROUP
LOAD C:/ST/STM32CubeIDE_1.16.0/STM32CubeIDE/plugins/com.st.stm32cube.ide.mcu.externaltools.gnu-tools-for-stm32.12.3.rel1.win32_1.0.200.202406191623/tools/bin/../lib/gcc/arm-none-eabi/12.3.1/thumb/v7e-m/nofp/crtend.o
LOAD C:/ST/STM32CubeIDE_1.16.0/STM32CubeIDE/plugins/com.st.stm32cube.ide.mcu.externaltools.gnu-tools-for-stm32.12.3.rel1.win32_1.0.200.202406191623/tools/bin/../lib/gcc/arm-none-eabi/12.3.1/thumb/v7e-m/nofp/crtn.o
                0x20020000                        _estack = (ORIGIN (RAM) + LENGTH (RAM))
                0x00000200                        _Min_Heap_Size = 0x200
                0x00000400                        _Min_Stack_Size = 0x400

.isr_vector     0x08000000      0x1c4
                0x08000000                        . = ALIGN (0x4)
 *(.isr_vector)
 .isr_vector    0x08000000      0x1c4 ./Startup/startup_stm32f446retx.o
                0x08000000                g_pfnVectors
                0x080001c4                        . = ALIGN (0x4)

.text           0x080001c4      0xae4
                0x080001c4                        . = ALIGN (0x4)
 *(.text)
 .text          0x080001c4       0x40 C:/ST/STM32CubeIDE_1.16.0/STM32CubeIDE/plugins/com.st.stm32cube.ide.mcu.externaltools.gnu-tools-for-stm32.12.3.rel1.win32_1.0.200.202406191623/tools/bin/../lib/gcc/arm-none-eabi/12.3.1/thumb/v7e-m/nofp/crtbegin.o
 *(.text*)
 .text.init_scheduler_stack
                0x08000204        0xa ./Drivers/Src/Scheduler_Round_Robin.o
                0x08000204                init_scheduler_stack
 *fill*         0x0800020e        0x2 
 .text.init_systick_timer
                0x08000210       0x64 ./Drivers/Src/Scheduler_Round_Robin.o
                0x08000210                init_systick_timer
 .text.init_tasks_stack
                0x08000274      0x11c ./Drivers/Src/Scheduler_Round_Robin.o
                0x08000274                init_tasks_stack
 .text.switch_sp_to_psp
                0x08000390       0x1a ./Drivers/Src/Scheduler_Round_Robin.o
                0x08000390                switch_sp_to_psp
 *fill*         0x080003aa        0x2 
 .text.get_psp_value
                0x080003ac       0x20 ./Drivers/Src/Scheduler_Round_Robin.o
                0x080003ac                get_psp_value
 .text.SysTick_Handler
                0x080003cc       0x20 ./Drivers/Src/Scheduler_Round_Robin.o
                0x080003cc                SysTick_Handler
 .text.update_global_tick_count
                0x080003ec       0x1c ./Drivers/Src/Scheduler_Round_Robin.o
                0x080003ec                update_global_tick_count
 .text.unblock_tasks
                0x08000408       0x60 ./Drivers/Src/Scheduler_Round_Robin.o
                0x08000408                unblock_tasks
 .text.PendSV_Handler
                0x08000468       0x26 ./Drivers/Src/Scheduler_Round_Robin.o
                0x08000468                PendSV_Handler
 *fill*         0x0800048e        0x2 
 .text.save_psp_value
                0x08000490       0x28 ./Drivers/Src/Scheduler_Round_Robin.o
                0x08000490                save_psp_value
 .text.update_next_task
                0x080004b8       0x78 ./Drivers/Src/Scheduler_Round_Robin.o
                0x080004b8                update_next_task
 .text.GPIO_BASEADDR_TO_CODE
                0x08000530       0x94 ./Drivers/Src/stm32f446xx_gpio_driver.o
 .text.GPIO_PeriClockControl
                0x080005c4      0x1a0 ./Drivers/Src/stm32f446xx_gpio_driver.o
                0x080005c4                GPIO_PeriClockControl
 .text.GPIO_Init
                0x08000764      0x358 ./Drivers/Src/stm32f446xx_gpio_driver.o
                0x08000764                GPIO_Init
 .text.GPIO_ToggleOutputPin
                0x08000abc       0x28 ./Drivers/Src/stm32f446xx_gpio_driver.o
                0x08000abc                GPIO_ToggleOutputPin
 .text.main     0x08000ae4       0x38 ./Src/Scheduler.o
                0x08000ae4                main
 .text.GPIOx_Init
                0x08000b1c       0x70 ./Src/Scheduler.o
                0x08000b1c                GPIOx_Init
 .text.task1_handler
                0x08000b8c       0x14 ./Src/Scheduler.o
                0x08000b8c                task1_handler
 .text.task2_handler
                0x08000ba0       0x14 ./Src/Scheduler.o
                0x08000ba0                task2_handler
 .text.task3_handler
                0x08000bb4       0x14 ./Src/Scheduler.o
                0x08000bb4                task3_handler
 .text.task4_handler
                0x08000bc8       0x14 ./Src/Scheduler.o
                0x08000bc8                task4_handler
 .text.idle_task
                0x08000bdc        0x8 ./Src/Scheduler.o
                0x08000bdc                idle_task
 .text.Reset_Handler
                0x08000be4       0x50 ./Startup/startup_stm32f446retx.o
                0x08000be4                Reset_Handler
 .text.Default_Handler
                0x08000c34        0x2 ./Startup/startup_stm32f446retx.o
                0x08000c34                RTC_Alarm_IRQHandler
                0x08000c34                EXTI2_IRQHandler
                0x08000c34                TIM8_CC_IRQHandler
                0x08000c34                SPDIF_Rx_IRQHandler
                0x08000c34                DebugMon_Handler
                0x08000c34                SPI4_IRQHandler
                0x08000c34                TIM1_CC_IRQHandler
                0x08000c34                QuadSPI_IRQHandler
                0x08000c34                DMA2_Stream5_IRQHandler
                0x08000c34                HardFault_Handler
                0x08000c34                DMA1_Stream5_IRQHandler
                0x08000c34                PVD_IRQHandler
                0x08000c34                SDIO_IRQHandler
                0x08000c34                TAMP_STAMP_IRQHandler
                0x08000c34                NMI_Handler
                0x08000c34                CAN2_RX1_IRQHandler
                0x08000c34                EXTI3_IRQHandler
                0x08000c34                TIM8_TRG_COM_TIM14_IRQHandler
                0x08000c34                TIM1_UP_TIM10_IRQHandler
                0x08000c34                FMPI2C1_error_IRQHandler
                0x08000c34                TIM8_UP_TIM13_IRQHandler
                0x08000c34                I2C3_ER_IRQHandler
                0x08000c34                EXTI0_IRQHandler
                0x08000c34                I2C2_EV_IRQHandler
                0x08000c34                DMA1_Stream2_IRQHandler
                0x08000c34                CAN1_RX0_IRQHandler
                0x08000c34                OTG_HS_WKUP_IRQHandler
                0x08000c34                UsageFault_Handler
                0x08000c34                CAN2_SCE_IRQHandler
                0x08000c34                DMA2_Stream2_IRQHandler
                0x08000c34                SPI1_IRQHandler
                0x08000c34                TIM6_DAC_IRQHandler
                0x08000c34                TIM1_BRK_TIM9_IRQHandler
                0x08000c34                DCMI_IRQHandler
                0x08000c34                CAN2_RX0_IRQHandler
                0x08000c34                DMA2_Stream3_IRQHandler
                0x08000c34                FMPI2C1_IRQHandler
                0x08000c34                SAI2_IRQHandler
                0x08000c34                USART6_IRQHandler
                0x08000c34                USART3_IRQHandler
                0x08000c34                CAN1_RX1_IRQHandler
                0x08000c34                UART5_IRQHandler
                0x08000c34                DMA2_Stream0_IRQHandler
                0x08000c34                TIM4_IRQHandler
                0x08000c34                I2C1_EV_IRQHandler
                0x08000c34                HDMI_CEC_IRQHandler
                0x08000c34                DMA1_Stream6_IRQHandler
                0x08000c34                DMA1_Stream1_IRQHandler
                0x08000c34                UART4_IRQHandler
                0x08000c34                TIM3_IRQHandler
                0x08000c34                RCC_IRQHandler
                0x08000c34                TIM8_BRK_TIM12_IRQHandler
                0x08000c34                Default_Handler
                0x08000c34                EXTI15_10_IRQHandler
                0x08000c34                ADC_IRQHandler
                0x08000c34                DMA1_Stream7_IRQHandler
                0x08000c34                TIM7_IRQHandler
                0x08000c34                CAN2_TX_IRQHandler
                0x08000c34                TIM5_IRQHandler
                0x08000c34                DMA2_Stream7_IRQHandler
                0x08000c34                I2C3_EV_IRQHandler
                0x08000c34                EXTI9_5_IRQHandler
                0x08000c34                RTC_WKUP_IRQHandler
                0x08000c34                SPI2_IRQHandler
                0x08000c34                OTG_HS_EP1_IN_IRQHandler
                0x08000c34                MemManage_Handler
                0x08000c34                DMA1_Stream0_IRQHandler
                0x08000c34                CAN1_TX_IRQHandler
                0x08000c34                SVC_Handler
                0x08000c34                EXTI4_IRQHandler
                0x08000c34                OTG_HS_EP1_OUT_IRQHandler
                0x08000c34                WWDG_IRQHandler
                0x08000c34                TIM2_IRQHandler
                0x08000c34                OTG_FS_WKUP_IRQHandler
                0x08000c34                TIM1_TRG_COM_TIM11_IRQHandler
                0x08000c34                OTG_HS_IRQHandler
                0x08000c34                EXTI1_IRQHandler
                0x08000c34                USART2_IRQHandler
                0x08000c34                I2C2_ER_IRQHandler
                0x08000c34                DMA2_Stream1_IRQHandler
                0x08000c34                CAN1_SCE_IRQHandler
                0x08000c34                FLASH_IRQHandler
                0x08000c34                DMA2_Stream4_IRQHandler
                0x08000c34                BusFault_Handler
                0x08000c34                USART1_IRQHandler
                0x08000c34                OTG_FS_IRQHandler
                0x08000c34                SPI3_IRQHandler
                0x08000c34                DMA1_Stream4_IRQHandler
                0x08000c34                I2C1_ER_IRQHandler
                0x08000c34                FMC_IRQHandler
                0x08000c34                DMA2_Stream6_IRQHandler
                0x08000c34                SAI1_IRQHandler
                0x08000c34                DMA1_Stream3_IRQHandler
 .text.memset   0x08000c36       0x10 C:/ST/STM32CubeIDE_1.16.0/STM32CubeIDE/plugins/com.st.stm32cube.ide.mcu.externaltools.gnu-tools-for-stm32.12.3.rel1.win32_1.0.200.202406191623/tools/bin/../lib/gcc/arm-none-eabi/12.3.1/../../../../arm-none-eabi/lib/thumb/v7e-m/nofp\libc_nano.a(libc_a-memset.o)
                0x08000c36                memset
 *fill*         0x08000c46        0x2 
 .text.__libc_init_array
                0x08000c48       0x48 C:/ST/STM32CubeIDE_1.16.0/STM32CubeIDE/plugins/com.st.stm32cube.ide.mcu.externaltools.gnu-tools-for-stm32.12.3.rel1.win32_1.0.200.202406191623/tools/bin/../lib/gcc/arm-none-eabi/12.3.1/../../../../arm-none-eabi/lib/thumb/v7e-m/nofp\libc_nano.a(libc_a-init.o)
                0x08000c48                __libc_init_array
 *(.glue_7)
 .glue_7        0x08000c90        0x0 linker stubs
 *(.glue_7t)
 .glue_7t       0x08000c90        0x0 linker stubs
 *(.eh_frame)
 .eh_frame      0x08000c90        0x0 C:/ST/STM32CubeIDE_1.16.0/STM32CubeIDE/plugins/com.st.stm32cube.ide.mcu.externaltools.gnu-tools-for-stm32.12.3.rel1.win32_1.0.200.202406191623/tools/bin/../lib/gcc/arm-none-eabi/12.3.1/thumb/v7e-m/nofp/crtbegin.o
 *(.init)
 .init          0x08000c90        0x4 C:/ST/STM32CubeIDE_1.16.0/STM32CubeIDE/plugins/com.st.stm32cube.ide.mcu.externaltools.gnu-tools-for-stm32.12.3.rel1.win32_1.0.200.202406191623/tools/bin/../lib/gcc/arm-none-eabi/12.3.1/thumb/v7e-m/nofp/crti.o
                0x08000c90                _init
 .init          0x08000c94        0x8 C:/ST/STM32CubeIDE_1.16.0/STM32CubeIDE/plugins/com.st.stm32cube.ide.mcu.externaltools.gnu-tools-for-stm32.12.3.rel1.win32_1.0.200.202406191623/tools/bin/../lib/gcc/arm-none-eabi/12.3.1/thumb/v7e-m/nofp/crtn.o
 *(.fini)
 .fini          0x08000c9c        0x4 C:/ST/STM32CubeIDE_1.16.0/STM32CubeIDE/plugins/com.st.stm32cube.ide.mcu.externaltools.gnu-tools-for-stm32.12.3.rel1.win32_1.0.200.202406191623/tools/bin/../lib/gcc/arm-none-eabi/12.3.1/thumb/v7e-m/nofp/crti.o
                0x08000c9c                _fini
 .fini          0x08000ca0        0x8 C:/ST/STM32CubeIDE_1.16.0/STM32CubeIDE/plugins/com.st.stm32cube.ide.mcu.externaltools.gnu-tools-for-stm32.12.3.rel1.win32_1.0.200.202406191623/tools/bin/../lib/gcc/arm-none-eabi/12.3.1/thumb/v7e-m/nofp/crtn.o
                0x08000ca8                        . = ALIGN (0x4)
                0x08000ca8                        _etext = .

.vfp11_veneer   0x08000ca8        0x0
 .vfp11_veneer  0x08000ca8        0x0 linker stubs

.v4_bx          0x08000ca8        0x0
 .v4_bx         0x08000ca8        0x0 linker stubs

.iplt           0x08000ca8        0x0
 .iplt          0x08000ca8        0x0 C:/ST/STM32CubeIDE_1.16.0/STM32CubeIDE/plugins/com.st.stm32cube.ide.mcu.externaltools.gnu-tools-for-stm32.12.3.rel1.win32_1.0.200.202406191623/tools/bin/../lib/gcc/arm-none-eabi/12.3.1/thumb/v7e-m/nofp/crtbegin.o

.rodata         0x08000ca8        0x0
                0x08000ca8                        . = ALIGN (0x4)
 *(.rodata)
 *(.rodata*)
                0x08000ca8                        . = ALIGN (0x4)

.ARM.extab      0x08000ca8        0x0
                0x08000ca8                        . = ALIGN (0x4)
 *(.ARM.extab* .gnu.linkonce.armextab.*)
                0x08000ca8                        . = ALIGN (0x4)

.ARM            0x08000ca8        0x0
                0x08000ca8                        . = ALIGN (0x4)
                0x08000ca8                        __exidx_start = .
 *(.ARM.exidx*)
                0x08000ca8                        __exidx_end = .
                0x08000ca8                        . = ALIGN (0x4)

.preinit_array  0x08000ca8        0x0
                0x08000ca8                        . = ALIGN (0x4)
                0x08000ca8                        PROVIDE (__preinit_array_start = .)
 *(.preinit_array*)
                0x08000ca8                        PROVIDE (__preinit_array_end = .)
                0x08000ca8                        . = ALIGN (0x4)

.init_array     0x08000ca8        0x4
                0x08000ca8                        . = ALIGN (0x4)
                0x08000ca8                        PROVIDE (__init_array_start = .)
 *(SORT_BY_NAME(.init_array.*))
 *(.init_array*)
 .init_array    0x08000ca8        0x4 C:/ST/STM32CubeIDE_1.16.0/STM32CubeIDE/plugins/com.st.stm32cube.ide.mcu.externaltools.gnu-tools-for-stm32.12.3.rel1.win32_1.0.200.202406191623/tools/bin/../lib/gcc/arm-none-eabi/12.3.1/thumb/v7e-m/nofp/crtbegin.o
                0x08000cac                        PROVIDE (__init_array_end = .)
                0x08000cac                        . = ALIGN (0x4)

.fini_array     0x08000cac        0x4
                0x08000cac                        . = ALIGN (0x4)
                [!provide]                        PROVIDE (__fini_array_start = .)
 *(SORT_BY_NAME(.fini_array.*))
 *(.fini_array*)
 .fini_array    0x08000cac        0x4 C:/ST/STM32CubeIDE_1.16.0/STM32CubeIDE/plugins/com.st.stm32cube.ide.mcu.externaltools.gnu-tools-for-stm32.12.3.rel1.win32_1.0.200.202406191623/tools/bin/../lib/gcc/arm-none-eabi/12.3.1/thumb/v7e-m/nofp/crtbegin.o
                [!provide]                        PROVIDE (__fini_array_end = .)
                0x08000cb0                        . = ALIGN (0x4)
                0x08000cb0                        _sidata = LOADADDR (.data)

.rel.dyn        0x08000cb0        0x0
 .rel.iplt      0x08000cb0        0x0 C:/ST/STM32CubeIDE_1.16.0/STM32CubeIDE/plugins/com.st.stm32cube.ide.mcu.externaltools.gnu-tools-for-stm32.12.3.rel1.win32_1.0.200.202406191623/tools/bin/../lib/gcc/arm-none-eabi/12.3.1/thumb/v7e-m/nofp/crtbegin.o

.data           0x20000000        0x4 load address 0x08000cb0
                0x20000000                        . = ALIGN (0x4)
                0x20000000                        _sdata = .
 *(.data)
 *(.data*)
 .data.current_task
                0x20000000        0x1 ./Src/Scheduler.o
                0x20000000                current_task
 *(.RamFunc)
 *(.RamFunc*)
                0x20000004                        . = ALIGN (0x4)
 *fill*         0x20000001        0x3 
                0x20000004                        _edata = .

.igot.plt       0x20000004        0x0 load address 0x08000cb4
 .igot.plt      0x20000004        0x0 C:/ST/STM32CubeIDE_1.16.0/STM32CubeIDE/plugins/com.st.stm32cube.ide.mcu.externaltools.gnu-tools-for-stm32.12.3.rel1.win32_1.0.200.202406191623/tools/bin/../lib/gcc/arm-none-eabi/12.3.1/thumb/v7e-m/nofp/crtbegin.o
                0x20000004                        . = ALIGN (0x4)

.bss            0x20000004       0x70 load address 0x08000cb4
                0x20000004                        _sbss = .
                0x20000004                        __bss_start__ = _sbss
 *(.bss)
 .bss           0x20000004       0x1c C:/ST/STM32CubeIDE_1.16.0/STM32CubeIDE/plugins/com.st.stm32cube.ide.mcu.externaltools.gnu-tools-for-stm32.12.3.rel1.win32_1.0.200.202406191623/tools/bin/../lib/gcc/arm-none-eabi/12.3.1/thumb/v7e-m/nofp/crtbegin.o
 *(.bss*)
 .bss.user_tasks
                0x20000020       0x50 ./Drivers/Src/Scheduler_Round_Robin.o
                0x20000020                user_tasks
 .bss.g_tick_count
                0x20000070        0x4 ./Src/Scheduler.o
                0x20000070                g_tick_count
 *(COMMON)
                0x20000074                        . = ALIGN (0x4)
                0x20000074                        _ebss = .
                0x20000074                        __bss_end__ = _ebss

._user_heap_stack
                0x20000074      0x604 load address 0x08000cb4
                0x20000078                        . = ALIGN (0x8)
 *fill*         0x20000074        0x4 
                [!provide]                        PROVIDE (end = .)
                0x20000078                        PROVIDE (_end = .)
                0x20000278                        . = (. + _Min_Heap_Size)
 *fill*         0x20000078      0x200 
                0x20000678                        . = (. + _Min_Stack_Size)
 *fill*         0x20000278      0x400 
                0x20000678                        . = ALIGN (0x8)

/DISCARD/
 libc.a(*)
 libm.a(*)
 libgcc.a(*)

.ARM.attributes
                0x00000000       0x2a
 *(.ARM.attributes)
 .ARM.attributes
                0x00000000       0x1e C:/ST/STM32CubeIDE_1.16.0/STM32CubeIDE/plugins/com.st.stm32cube.ide.mcu.externaltools.gnu-tools-for-stm32.12.3.rel1.win32_1.0.200.202406191623/tools/bin/../lib/gcc/arm-none-eabi/12.3.1/thumb/v7e-m/nofp/crti.o
 .ARM.attributes
                0x0000001e       0x2e C:/ST/STM32CubeIDE_1.16.0/STM32CubeIDE/plugins/com.st.stm32cube.ide.mcu.externaltools.gnu-tools-for-stm32.12.3.rel1.win32_1.0.200.202406191623/tools/bin/../lib/gcc/arm-none-eabi/12.3.1/thumb/v7e-m/nofp/crtbegin.o
 .ARM.attributes
                0x0000004c       0x2e ./Drivers/Src/Scheduler_Round_Robin.o
 .ARM.attributes
                0x0000007a       0x2e ./Drivers/Src/stm32f446xx_gpio_driver.o
 .ARM.attributes
                0x000000a8       0x2e ./Src/Scheduler.o
 .ARM.attributes
                0x000000d6       0x21 ./Startup/startup_stm32f446retx.o
 .ARM.attributes
                0x000000f7       0x2e C:/ST/STM32CubeIDE_1.16.0/STM32CubeIDE/plugins/com.st.stm32cube.ide.mcu.externaltools.gnu-tools-for-stm32.12.3.rel1.win32_1.0.200.202406191623/tools/bin/../lib/gcc/arm-none-eabi/12.3.1/../../../../arm-none-eabi/lib/thumb/v7e-m/nofp\libc_nano.a(libc_a-memset.o)
 .ARM.attributes
                0x00000125       0x2e C:/ST/STM32CubeIDE_1.16.0/STM32CubeIDE/plugins/com.st.stm32cube.ide.mcu.externaltools.gnu-tools-for-stm32.12.3.rel1.win32_1.0.200.202406191623/tools/bin/../lib/gcc/arm-none-eabi/12.3.1/../../../../arm-none-eabi/lib/thumb/v7e-m/nofp\libc_nano.a(libc_a-init.o)
 .ARM.attributes
                0x00000153       0x1e C:/ST/STM32CubeIDE_1.16.0/STM32CubeIDE/plugins/com.st.stm32cube.ide.mcu.externaltools.gnu-tools-for-stm32.12.3.rel1.win32_1.0.200.202406191623/tools/bin/../lib/gcc/arm-none-eabi/12.3.1/thumb/v7e-m/nofp/crtn.o
OUTPUT(STM32F446xx_Drivers.elf elf32-littlearm)
LOAD linker stubs
LOAD C:/ST/STM32CubeIDE_1.16.0/STM32CubeIDE/plugins/com.st.stm32cube.ide.mcu.externaltools.gnu-tools-for-stm32.12.3.rel1.win32_1.0.200.202406191623/tools/bin/../lib/gcc/arm-none-eabi/12.3.1/../../../../arm-none-eabi/lib/thumb/v7e-m/nofp\libc.a
LOAD C:/ST/STM32CubeIDE_1.16.0/STM32CubeIDE/plugins/com.st.stm32cube.ide.mcu.externaltools.gnu-tools-for-stm32.12.3.rel1.win32_1.0.200.202406191623/tools/bin/../lib/gcc/arm-none-eabi/12.3.1/../../../../arm-none-eabi/lib/thumb/v7e-m/nofp\libm.a
LOAD C:/ST/STM32CubeIDE_1.16.0/STM32CubeIDE/plugins/com.st.stm32cube.ide.mcu.externaltools.gnu-tools-for-stm32.12.3.rel1.win32_1.0.200.202406191623/tools/bin/../lib/gcc/arm-none-eabi/12.3.1/thumb/v7e-m/nofp\libgcc.a

.debug_info     0x00000000     0x1201
 .debug_info    0x00000000      0x305 ./Drivers/Src/Scheduler_Round_Robin.o
 .debug_info    0x00000305      0xb04 ./Drivers/Src/stm32f446xx_gpio_driver.o
 .debug_info    0x00000e09      0x3c8 ./Src/Scheduler.o
 .debug_info    0x000011d1       0x30 ./Startup/startup_stm32f446retx.o

.debug_abbrev   0x00000000      0x519
 .debug_abbrev  0x00000000      0x1c3 ./Drivers/Src/Scheduler_Round_Robin.o
 .debug_abbrev  0x000001c3      0x1aa ./Drivers/Src/stm32f446xx_gpio_driver.o
 .debug_abbrev  0x0000036d      0x188 ./Src/Scheduler.o
 .debug_abbrev  0x000004f5       0x24 ./Startup/startup_stm32f446retx.o

.debug_aranges  0x00000000      0x170
 .debug_aranges
                0x00000000       0x80 ./Drivers/Src/Scheduler_Round_Robin.o
 .debug_aranges
                0x00000080       0x78 ./Drivers/Src/stm32f446xx_gpio_driver.o
 .debug_aranges
                0x000000f8       0x50 ./Src/Scheduler.o
 .debug_aranges
                0x00000148       0x28 ./Startup/startup_stm32f446retx.o

.debug_rnglists
                0x00000000      0x106
 .debug_rnglists
                0x00000000       0x5c ./Drivers/Src/Scheduler_Round_Robin.o
 .debug_rnglists
                0x0000005c       0x5a ./Drivers/Src/stm32f446xx_gpio_driver.o
 .debug_rnglists
                0x000000b6       0x37 ./Src/Scheduler.o
 .debug_rnglists
                0x000000ed       0x19 ./Startup/startup_stm32f446retx.o

.debug_macro    0x00000000     0x2321
 .debug_macro   0x00000000       0x81 ./Drivers/Src/Scheduler_Round_Robin.o
 .debug_macro   0x00000081      0xab4 ./Drivers/Src/Scheduler_Round_Robin.o
 .debug_macro   0x00000b35       0x22 ./Drivers/Src/Scheduler_Round_Robin.o
 .debug_macro   0x00000b57       0x8e ./Drivers/Src/Scheduler_Round_Robin.o
 .debug_macro   0x00000be5       0x51 ./Drivers/Src/Scheduler_Round_Robin.o
 .debug_macro   0x00000c36      0x103 ./Drivers/Src/Scheduler_Round_Robin.o
 .debug_macro   0x00000d39       0x6a ./Drivers/Src/Scheduler_Round_Robin.o
 .debug_macro   0x00000da3      0x1df ./Drivers/Src/Scheduler_Round_Robin.o
 .debug_macro   0x00000f82      0x373 ./Drivers/Src/Scheduler_Round_Robin.o
 .debug_macro   0x000012f5       0x82 ./Drivers/Src/Scheduler_Round_Robin.o
 .debug_macro   0x00001377       0x81 ./Drivers/Src/stm32f446xx_gpio_driver.o
 .debug_macro   0x000013f8       0x64 ./Drivers/Src/stm32f446xx_gpio_driver.o
 .debug_macro   0x0000145c      0x15b ./Src/Scheduler.o
 .debug_macro   0x000015b7       0x61 ./Src/Scheduler.o
 .debug_macro   0x00001618       0x24 ./Src/Scheduler.o
 .debug_macro   0x0000163c       0x43 ./Src/Scheduler.o
 .debug_macro   0x0000167f       0x34 ./Src/Scheduler.o
 .debug_macro   0x000016b3      0x189 ./Src/Scheduler.o
 .debug_macro   0x0000183c       0x16 ./Src/Scheduler.o
 .debug_macro   0x00001852       0x43 ./Src/Scheduler.o
 .debug_macro   0x00001895       0x34 ./Src/Scheduler.o
 .debug_macro   0x000018c9       0x10 ./Src/Scheduler.o
 .debug_macro   0x000018d9       0x58 ./Src/Scheduler.o
 .debug_macro   0x00001931       0x8e ./Src/Scheduler.o
 .debug_macro   0x000019bf       0x1c ./Src/Scheduler.o
 .debug_macro   0x000019db      0x177 ./Src/Scheduler.o
 .debug_macro   0x00001b52      0x369 ./Src/Scheduler.o
 .debug_macro   0x00001ebb       0x10 ./Src/Scheduler.o
 .debug_macro   0x00001ecb       0x35 ./Src/Scheduler.o
 .debug_macro   0x00001f00       0x20 ./Src/Scheduler.o
 .debug_macro   0x00001f20      0x379 ./Src/Scheduler.o
 .debug_macro   0x00002299       0x88 ./Src/Scheduler.o

.debug_line     0x00000000     0x18c4
 .debug_line    0x00000000      0x70c ./Drivers/Src/Scheduler_Round_Robin.o
 .debug_line    0x0000070c      0xa51 ./Drivers/Src/stm32f446xx_gpio_driver.o
 .debug_line    0x0000115d      0x6ec ./Src/Scheduler.o
 .debug_line    0x00001849       0x7b ./Startup/startup_stm32f446retx.o

.debug_str      0x00000000     0x9730
 .debug_str     0x00000000     0x555a ./Drivers/Src/Scheduler_Round_Robin.o
                               0x56e6 (size before relaxing)
 .debug_str     0x0000555a      0xd27 ./Drivers/Src/stm32f446xx_gpio_driver.o
                               0x5f0c (size before relaxing)
 .debug_str     0x00006281     0x3470 ./Src/Scheduler.o
                               0x8ddb (size before relaxing)
 .debug_str     0x000096f1       0x3f ./Startup/startup_stm32f446retx.o
                                 0x91 (size before relaxing)

.comment        0x00000000       0x43
 .comment       0x00000000       0x43 ./Drivers/Src/Scheduler_Round_Robin.o
                                 0x44 (size before relaxing)
 .comment       0x00000043       0x44 ./Drivers/Src/stm32f446xx_gpio_driver.o
 .comment       0x00000043       0x44 ./Src/Scheduler.o

.debug_frame    0x00000000      0x4c0
 .debug_frame   0x00000000      0x1ac ./Drivers/Src/Scheduler_Round_Robin.o
 .debug_frame   0x000001ac      0x1f0 ./Drivers/Src/stm32f446xx_gpio_driver.o
 .debug_frame   0x0000039c       0xd8 ./Src/Scheduler.o
 .debug_frame   0x00000474       0x20 C:/ST/STM32CubeIDE_1.16.0/STM32CubeIDE/plugins/com.st.stm32cube.ide.mcu.externaltools.gnu-tools-for-stm32.12.3.rel1.win32_1.0.200.202406191623/tools/bin/../lib/gcc/arm-none-eabi/12.3.1/../../../../arm-none-eabi/lib/thumb/v7e-m/nofp\libc_nano.a(libc_a-memset.o)
 .debug_frame   0x00000494       0x2c C:/ST/STM32CubeIDE_1.16.0/STM32CubeIDE/plugins/com.st.stm32cube.ide.mcu.externaltools.gnu-tools-for-stm32.12.3.rel1.win32_1.0.200.202406191623/tools/bin/../lib/gcc/arm-none-eabi/12.3.1/../../../../arm-none-eabi/lib/thumb/v7e-m/nofp\libc_nano.a(libc_a-init.o)

.debug_line_str
                0x00000000       0x75
 .debug_line_str
                0x00000000       0x75 ./Startup/startup_stm32f446retx.o
